[INFO] Scanning for projects...
[INFO] 
[INFO] -----------------------< com.carebridge:backend >-----------------------
[INFO] Building backend 0.0.1-SNAPSHOT
[INFO]   from pom.xml
[INFO] --------------------------------[ jar ]---------------------------------
[INFO] 
[INFO] --- resources:3.3.1:resources (default-resources) @ backend ---
[INFO] Copying 3 resources from src\main\resources to target\classes
[INFO] Copying 0 resource from src\main\resources to target\classes
[INFO] 
[INFO] --- compiler:3.14.1:compile (default-compile) @ backend ---
[INFO] Nothing to compile - all classes are up to date.
[INFO] 
[INFO] --- resources:3.3.1:testResources (default-testResources) @ backend ---
[INFO] skip non existing resourceDirectory C:\carebridge\carebridge\backend\src\test\resources
[INFO] 
[INFO] --- compiler:3.14.1:testCompile (default-testCompile) @ backend ---
[INFO] Nothing to compile - all classes are up to date.
[INFO] 
[INFO] --- surefire:3.5.6:test (default-test) @ backend ---
[INFO] Using auto detected provider org.apache.maven.surefire.junitplatform.JUnitPlatformProvider
[INFO] 
[INFO] -------------------------------------------------------
[INFO]  T E S T S
[INFO] -------------------------------------------------------
[INFO] Running com.carebridge.backend.BackendApplicationTests
20:10:23.054 [main] INFO org.springframework.test.context.support.AnnotationConfigContextLoaderUtils -- Could not detect default configuration classes for test class [com.carebridge.backend.BackendApplicationTests]: BackendApplicationTests does not declare any static, non-private, non-final, nested classes annotated with @Configuration.
20:10:23.212 [main] INFO org.springframework.boot.test.context.SpringBootTestContextBootstrapper -- Found @SpringBootConfiguration com.carebridge.backend.BackendApplication for test class com.carebridge.backend.BackendApplicationTests
20:10:23.398 [main] INFO org.springframework.boot.devtools.restart.RestartApplicationListener -- Restart disabled due to context in which it is running

  .   ____          _            __ _ _
 /\\ / ___'_ __ _ _(_)_ __  __ _ \ \ \ \
( ( )\___ | '_ | '_| | '_ \/ _` | \ \ \ \
 \\/  ___)| |_)| | | | | || (_| |  ) ) ) )
  '  |____| .__|_| |_|_| |_\__, | / / / /
 =========|_|==============|___/=/_/_/_/

 :: Spring Boot ::               (v3.5.16)

2026-07-09T20:10:24.043-07:00  INFO 54164 --- [backend] [           main] c.c.backend.BackendApplicationTests      : Starting BackendApplicationTests using Java 26.0.1 with PID 54164 (started by ihnav in C:\carebridge\carebridge\backend)
2026-07-09T20:10:24.045-07:00  INFO 54164 --- [backend] [           main] c.c.backend.BackendApplicationTests      : The following 1 profile is active: "local"
2026-07-09T20:10:25.212-07:00  INFO 54164 --- [backend] [           main] .s.d.r.c.RepositoryConfigurationDelegate : Bootstrapping Spring Data JPA repositories in DEFAULT mode.
2026-07-09T20:10:25.294-07:00  INFO 54164 --- [backend] [           main] .s.d.r.c.RepositoryConfigurationDelegate : Finished Spring Data repository scanning in 66 ms. Found 1 JPA repository interface.
2026-07-09T20:10:25.944-07:00  INFO 54164 --- [backend] [           main] o.hibernate.jpa.internal.util.LogHelper  : HHH000204: Processing PersistenceUnitInfo [name: default]
2026-07-09T20:10:26.023-07:00  INFO 54164 --- [backend] [           main] org.hibernate.Version                    : HHH000412: Hibernate ORM core version 6.6.53.Final
2026-07-09T20:10:26.065-07:00  INFO 54164 --- [backend] [           main] o.h.c.internal.RegionFactoryInitiator    : HHH000026: Second-level cache disabled
2026-07-09T20:10:26.554-07:00  INFO 54164 --- [backend] [           main] o.s.o.j.p.SpringPersistenceUnitInfo      : No LoadTimeWeaver setup: ignoring JPA class transformer
2026-07-09T20:10:26.622-07:00  INFO 54164 --- [backend] [           main] com.zaxxer.hikari.HikariDataSource       : HikariPool-1 - Starting...
2026-07-09T20:10:28.021-07:00  INFO 54164 --- [backend] [           main] com.zaxxer.hikari.pool.HikariPool        : HikariPool-1 - Added connection org.postgresql.jdbc.PgConnection@7c4ca87c
2026-07-09T20:10:28.022-07:00  INFO 54164 --- [backend] [           main] com.zaxxer.hikari.HikariDataSource       : HikariPool-1 - Start completed.
2026-07-09T20:10:28.151-07:00  WARN 54164 --- [backend] [           main] org.hibernate.orm.deprecation            : HHH90000025: PostgreSQLDialect does not need to be specified explicitly using 'hibernate.dialect' (remove the property setting and it will be selected by default)
2026-07-09T20:10:28.441-07:00  INFO 54164 --- [backend] [           main] org.hibernate.orm.connections.pooling    : HHH10001005: Database info:
	Database JDBC URL [Connecting through datasource 'HikariDataSource (HikariPool-1)']
	Database driver: undefined/unknown
	Database version: 17.6
	Autocommit mode: undefined/unknown
	Isolation level: undefined/unknown
	Minimum pool size: undefined/unknown
	Maximum pool size: undefined/unknown
2026-07-09T20:10:29.515-07:00  INFO 54164 --- [backend] [           main] o.h.e.t.j.p.i.JtaPlatformInitiator       : HHH000489: No JTA platform available (set 'hibernate.transaction.jta.platform' to enable JTA platform integration)
2026-07-09T20:10:29.970-07:00  INFO 54164 --- [backend] [           main] j.LocalContainerEntityManagerFactoryBean : Initialized JPA EntityManagerFactory for persistence unit 'default'
2026-07-09T20:10:30.625-07:00  WARN 54164 --- [backend] [           main] .s.s.UserDetailsServiceAutoConfiguration : 

Using generated security password: a893d9b6-18f8-4a36-b4c6-02a7cf98d2ff

This generated password is for development use only. Your security configuration must be updated before running your application in production.

2026-07-09T20:10:30.643-07:00  INFO 54164 --- [backend] [           main] r$InitializeUserDetailsManagerConfigurer : Global AuthenticationManager configured with UserDetailsService bean with name inMemoryUserDetailsManager
2026-07-09T20:10:31.541-07:00  INFO 54164 --- [backend] [           main] c.c.backend.BackendApplicationTests      : Started BackendApplicationTests in 8.157 seconds (process running for 9.393)
.\mvnw.cmd : Mockito is currently self-attaching to enable the 
inline-mock-maker. This will no longer work in future releases of the JDK. 
Please add Mockito as an agent to your build as described in Mockito's 
documentation: https://javadoc.io/doc/org.mockito/mockito-core/latest/org.mocki
to/org/mockito/Mockito.html#0.3
At line:1 char:50
+ ... ridge\carebridge\backend'; .\mvnw.cmd test *> test-output.txt; Get-Co ...
+                                ~~~~~~~~~~~~~~~~~~~~~~~~~~~~~~~~~~
    + CategoryInfo          : NotSpecified: (Mockito is curr...ockito.html#0.3 
   :String) [], RemoteException
    + FullyQualifiedErrorId : NativeCommandError
 
Java HotSpot(TM) 64-Bit Server VM warning: Sharing is only supported for boot 
loader classes because bootstrap classpath has been appended
WARNING: A Java agent has been loaded dynamically (C:\Users\ihnav\.m2\repositor
y\net\bytebuddy\byte-buddy-agent\1.17.8\byte-buddy-agent-1.17.8.jar)
WARNING: If a serviceability tool is in use, please run with 
-XX:+EnableDynamicAgentLoading to hide this warning
WARNING: If a serviceability tool is not in use, please run with 
-Djdk.instrument.traceUsage for more information
WARNING: Dynamic loading of agents will be disallowed by default in a future 
release
[INFO] Tests run: 1, Failures: 0, Errors: 0, Skipped: 0, Time elapsed: 9.180 s -- in com.carebridge.backend.BackendApplicationTests
[INFO] 
[INFO] Results:
[INFO] 
[INFO] Tests run: 1, Failures: 0, Errors: 0, Skipped: 0
[INFO] 
[INFO] ------------------------------------------------------------------------
[INFO] BUILD SUCCESS
[INFO] ------------------------------------------------------------------------
[INFO] Total time:  13.273 s
[INFO] Finished at: 2026-07-09T20:10:32-07:00
[INFO] ------------------------------------------------------------------------
